// Jest Snapshot v1, https://goo.gl/fbAQLP

exports[`getNavigationPropertiesWithLabel should return properties with label and navigation property data 1`] = `
{
  "navigationPropertyData": {
    "someNavigationProperty": {
      "Status": "O",
      "Status_Text": "Open",
    },
  },
  "propertiesWithLabel": [
    {
      "label": "Lower Value",
      "labelWithValue": "Lower Value (O)",
      "name": "Status",
      "type": "Edm.String",
    },
    {
      "label": "Confirmation",
      "labelWithValue": "Confirmation (Open)",
      "name": "Status_Text",
      "type": "Edm.String",
    },
  ],
}
`;
